
> metalens-ai@0.1.0 build
> next build

▲ Next.js 16.2.1 (Turbopack)

  Creating an optimized production build ...
✓ Compiled successfully in 2.5s
  Running TypeScript ...
  Finished TypeScript in 2.1s ...
  Collecting page data using 17 workers ...
  Generating static pages using 17 workers (0/10) ...
  Generating static pages using 17 workers (2/10) 
  Generating static pages using 17 workers (4/10) 
⚠ metadataBase property in metadata export is not set for resolving social open graph or twitter images, using "http://localhost:3000". See https://nextjs.org/docs/app/api-reference/functions/generate-metadata#metadatabase
  Generating static pages using 17 workers (7/10) 
✓ Generating static pages using 17 workers (10/10) in 328ms
  Finalizing page optimization ...

Route (app)
┌ ○ /_not-found
├ ƒ /[locale]
├ ƒ /[locale]/about
├ ƒ /[locale]/blog
├ ƒ /[locale]/blog/[slug]
├ ƒ /[locale]/compare/[drugs]
├ ƒ /[locale]/faq
├ ƒ /[locale]/how-it-works
├ ƒ /[locale]/privacy
├ ƒ /[locale]/terms
├ ƒ /[locale]/use-cases
├ ƒ /api/pubmed
├ ƒ /api/synthesize
├ ƒ /api/translate
├ ƒ /api/translate-result
├ ƒ /feed.xml
├ ○ /opengraph-image
├ ○ /robots.txt
└ ○ /sitemap.xml


ƒ Proxy (Middleware)

○  (Static)   prerendered as static content
ƒ  (Dynamic)  server-rendered on demand

